// Jest Snapshot v1, https://goo.gl/fbAQLP

exports[`Flex should set the style correctly 1`] = `"<div style=\\"display:flex;flex-direction:row;justify-content:center;align-items:center\\"></div>"`;
